default.target
● ├─dbus.service
● │ ├─dbus.socket
● │ │ └─sysinit.target
● │ └─basic.target
● │   └─sysinit.target
● ├─systemd-journald.service
● │ ├─systemd-journald.socket
● │ └─systemd-journald.socket
● └─systemd-tmpfiles-setup.service
